# name: test_generate_cooling_plant
  '''
  within GMT_Lib.DHC.Components.Plants.Cooling.CoolingPlant;
  model CoolingPlant
    "Isolated central cooling plant template model."
    extends Buildings.Experimental.DHC.Plants.Cooling.Examples.ElectricChillerParallel(
    redeclare Buildings.Fluid.Chillers.Data.ElectricEIR.ElectricEIRChiller_York_YT_1055kW_5_96COP_Vanes perChi(
      mEva_flow_nominal=mCHW_flow_nominal,
      mCon_flow_nominal=mCW_flow_nominal,
      QEva_flow_nominal=QChi_nominal),
    redeclare Buildings.Experimental.DHC.Plants.Cooling.ElectricChillerParallel pla,
    dTApp=3,
    mCHW_flow_nominal=18.3,
    dpCHW_nominal=44800,
    mMin_flow=0.03,
    mCW_flow_nominal=34.7,
    dpCW_nominal=46200,
    PFan_nominal=4999,
    TCHWSet=281.15,
    dpCooTowVal_nominal=5999,
    dpCHWPumVal_nominal=5999,
    dpCWPumVal_nominal=5999);
    annotation (
      Icon(
        coordinateSystem(
          preserveAspectRatio=false)),
      Diagram(
        coordinateSystem(
          preserveAspectRatio=false)),
      experiment(
        StopTime=86400,
        Tolerance=1e-06),
      Documentation(
        info="<html>
        <p>This model validates the district central cooling plant template model implemented in
  <a href=\"GMT_Lib.DHC.Components.Plants.Cooling.CoolingPlant.mo\">
  GMT_Lib.DHC.Components.Plants.Cooling.CoolingPlant.mot</a>.
  </p>
  </html>",
        revisions="<html>
  <ul>
  <li>
  October 20, 2021 by Chengnan Shi:<br/>
  First implementation.
  </li>
  </ul>
  </html>"),
      __Dymola_Commands(
        file="CoolingPlant.mos"
        "Simulate and Plot"));
  end CoolingPlant;
  '''
# ---
